Configuring in: C:\Users\ALAVEPC\Documents\proy_Micros\segunda_prueba\main\build\default
cmake -G MinGW Makefiles -DCMAKE_EXPORT_COMPILE_COMMANDS=ON C:\Users\ALAVEPC\Documents\proy_Micros\segunda_prueba\main
CMake Warning (dev) in CMakeLists.txt:
  No project() command is present.  The top-level CMakeLists.txt file must
  contain a literal, direct call to the project() command.  Add a line of
  code such as

    project(ProjectName)

  near the top of the file, but after cmake_minimum_required().

  CMake is pretending there is a "project(Project)" command on the first
  line.
This warning is for project developers.  Use -Wno-dev to suppress it.

CMake Warning (dev) in CMakeLists.txt:
  cmake_minimum_required() should be called prior to this top-level project()
  call.  Please see the cmake-commands(7) manual for usage documentation of
  both commands.
This warning is for project developers.  Use -Wno-dev to suppress it.

CMake Error: CMake was unable to find a build program corresponding to "MinGW Makefiles".  CMAKE_MAKE_PROGRAM is not set.  You probably need to select a different build tool.
CMake Error: CMAKE_C_COMPILER not set, after EnableLanguage
CMake Error: CMAKE_CXX_COMPILER not set, after EnableLanguage
CMake Warning (dev) in CMakeLists.txt:
  No cmake_minimum_required command is present.  A line of code such as

-- Configuring incomplete, errors occurred!
    cmake_minimum_required(VERSION 3.30)

  should be added at the top of the file.  The version specified may be lower
  if you wish to support older CMake versions for this project.  For more
  information run "cmake --help-policy CMP0000".
This warning is for project developers.  Use -Wno-dev to suppress it.

cmake --build . --target all
no such file or directory
CMake Error: Generator: execution of make failed. Make command was:  -f Makefile all
Build complete (0 errors, 0 warnings): C:\Users\ALAVEPC\Documents\proy_Micros\segunda_prueba\main\build\default
Configuring in: C:\Users\ALAVEPC\Documents\proy_Micros\segunda_prueba\main\build\default
cmake -G MinGW Makefiles -DCMAKE_EXPORT_COMPILE_COMMANDS=ON C:\Users\ALAVEPC\Documents\proy_Micros\segunda_prueba\main
CMake Warning (dev) in CMakeLists.txt:
  No project() command is present.  The top-level CMakeLists.txt file must
  contain a literal, direct call to the project() command.  Add a line of
  code such as

    project(ProjectName)

  near the top of the file, but after cmake_minimum_required().

  CMake is pretending there is a "project(Project)" command on the first
  line.
This warning is for project developers.  Use -Wno-dev to suppress it.

CMake Warning (dev) in CMakeLists.txt:
  cmake_minimum_required() should be called prior to this top-level project()
  call.  Please see the cmake-commands(7) manual for usage documentation of
  both commands.
This warning is for project developers.  Use -Wno-dev to suppress it.

CMake Error: CMake was unable to find a build program corresponding to "MinGW Makefiles".  CMAKE_MAKE_PROGRAM is not set.  You probably need to select a different build tool.
-- Configuring incomplete, errors occurred!
CMake Error: CMAKE_C_COMPILER not set, after EnableLanguage
CMake Error: CMAKE_CXX_COMPILER not set, after EnableLanguage
CMake Warning (dev) in CMakeLists.txt:
  No cmake_minimum_required command is present.  A line of code such as

    cmake_minimum_required(VERSION 3.30)

  should be added at the top of the file.  The version specified may be lower
  if you wish to support older CMake versions for this project.  For more
  information run "cmake --help-policy CMP0000".
This warning is for project developers.  Use -Wno-dev to suppress it.

cmake --build . --target all
no such file or directory
CMake Error: Generator: execution of make failed. Make command was:  -f Makefile all
Build complete (0 errors, 0 warnings): C:\Users\ALAVEPC\Documents\proy_Micros\segunda_prueba\main\build\default
Configuring in: C:\Users\ALAVEPC\Documents\proy_Micros\segunda_prueba\main\build\default
cmake -G MinGW Makefiles -DCMAKE_EXPORT_COMPILE_COMMANDS=ON C:\Users\ALAVEPC\Documents\proy_Micros\segunda_prueba\main
CMake Warning (dev) in CMakeLists.txt:
  No project() command is present.  The top-level CMakeLists.txt file must
  contain a literal, direct call to the project() command.  Add a line of
  code such as

    project(ProjectName)

  near the top of the file, but after cmake_minimum_required().

  CMake is pretending there is a "project(Project)" command on the first
  line.
This warning is for project developers.  Use -Wno-dev to suppress it.

CMake Warning (dev) in CMakeLists.txt:
  cmake_minimum_required() should be called prior to this top-level project()
  call.  Please see the cmake-commands(7) manual for usage documentation of
  both commands.
This warning is for project developers.  Use -Wno-dev to suppress it.

CMake Error: CMake was unable to find a build program corresponding to "MinGW Makefiles".  CMAKE_MAKE_PROGRAM is not set.  You probably need to select a different build tool.
-- Configuring incomplete, errors occurred!
CMake Error: CMAKE_C_COMPILER not set, after EnableLanguage
CMake Error: CMAKE_CXX_COMPILER not set, after EnableLanguage
CMake Warning (dev) in CMakeLists.txt:
  No cmake_minimum_required command is present.  A line of code such as

    cmake_minimum_required(VERSION 3.30)

  should be added at the top of the file.  The version specified may be lower
  if you wish to support older CMake versions for this project.  For more
  information run "cmake --help-policy CMP0000".
This warning is for project developers.  Use -Wno-dev to suppress it.

cmake --build . --target all
no such file or directory
CMake Error: Generator: execution of make failed. Make command was:  -f Makefile all
Build complete (0 errors, 0 warnings): C:\Users\ALAVEPC\Documents\proy_Micros\segunda_prueba\main\build\default
Configuring in: C:\Users\ALAVEPC\Documents\proy_Micros\segunda_prueba\main\build\default
cmake -G MinGW Makefiles -DCMAKE_EXPORT_COMPILE_COMMANDS=ON C:\Users\ALAVEPC\Documents\proy_Micros\segunda_prueba\main
CMake Warning (dev) in CMakeLists.txt:
  No project() command is present.  The top-level CMakeLists.txt file must
  contain a literal, direct call to the project() command.  Add a line of
  code such as

    project(ProjectName)

  near the top of the file, but after cmake_minimum_required().

  CMake is pretending there is a "project(Project)" command on the first
  line.
This warning is for project developers.  Use -Wno-dev to suppress it.

CMake Warning (dev) in CMakeLists.txt:
  cmake_minimum_required() should be called prior to this top-level project()
  call.  Please see the cmake-commands(7) manual for usage documentation of
  both commands.
This warning is for project developers.  Use -Wno-dev to suppress it.

CMake Error: CMake was unable to find a build program corresponding to "MinGW Makefiles".  CMAKE_MAKE_PROGRAM is not set.  You probably need to select a different build tool.
-- Configuring incomplete, errors occurred!
CMake Error: CMAKE_C_COMPILER not set, after EnableLanguage
CMake Error: CMAKE_CXX_COMPILER not set, after EnableLanguage
CMake Warning (dev) in CMakeLists.txt:
  No cmake_minimum_required command is present.  A line of code such as

    cmake_minimum_required(VERSION 3.30)

  should be added at the top of the file.  The version specified may be lower
  if you wish to support older CMake versions for this project.  For more
  information run "cmake --help-policy CMP0000".
This warning is for project developers.  Use -Wno-dev to suppress it.

cmake --build . --target all
no such file or directory
CMake Error: Generator: execution of make failed. Make command was:  -f Makefile all
Build complete (0 errors, 0 warnings): C:\Users\ALAVEPC\Documents\proy_Micros\segunda_prueba\main\build\default
